{
  "aio": {
    "uncompressed": {
      "runtime": 4343,
      "main": 451575,
      "polyfills": 33869,
      "styles": 71714,
      "light-theme": 78213,
      "dark-theme": 78318
    }
  },
  "aio-local": {
    "uncompressed": {
      "runtime": 4343,
      "main": 451472,
      "polyfills": 37410,
      "styles": 71714,
      "light-theme": 78213,
      "dark-theme": 78318
    }
  }
}
