[
  [
    "packages/angular_devkit/build_angular/src/utils/bundle-calculator.ts",
    "packages/angular_devkit/build_angular/src/webpack/utils/stats.ts"
  ],
  [
    "packages/angular/cli/src/analytics/analytics-collector.ts",
    "packages/angular/cli/src/command-builder/command-module.ts"
  ],
  [
    "packages/angular/cli/src/analytics/analytics.ts",
    "packages/angular/cli/src/command-builder/command-module.ts"
  ]
]
